[22:02:38] ============================================================
[22:02:38] 第 1 轮测试开始
[22:02:38] ============================================================
[22:02:38] Phase 1: 采集订阅源
[22:02:38] [NoMoreWalls] 下载: https://ghproxy.net/https://raw.githubusercontent.com/peasoft/NoMoreWalls/master/list.meta.yml
[22:02:57] [NoMoreWalls] 获得 440 个节点
[22:02:57] [米贝] 抓取首页: https://www.mibei77.com/
[22:02:57] [米贝] 最新文章: https://www.mibei77.com/710.html
[22:02:58] [米贝] TXT订阅: https://mm.mibei77.com/202610/10.0164bacvd.txt
[22:03:00] [米贝] TXT解析: 56 个节点
[22:03:00] [米贝] YAML订阅: https://mm.mibei77.com/202610/10.01Clashiza.yaml
[22:03:03] [米贝] YAML解析: 94 个节点
[22:03:03] [米贝] 合计: 150 个节点
[22:03:03] 合计原始节点: 590
[22:03:03] Phase 2: 去重
[22:03:03] 去重后: 454
[22:03:03] 协议分布: {'vmess': 33, 'hysteria': 1, 'hysteria2': 43, 'vless': 160, 'ss': 44, 'trojan': 30, 'anytls': 26, 'http': 113, 'socks5': 4}
[22:03:03] 节点列表已保存: /home/user/Doubao/chats/38430911169328386/free-nodes-collector/.cache/nodes_list.json (454个节点)
[22:03:03] Phase 3: 启动 Mihomo
[22:03:03] Mihomo 已停止
[22:03:03] 启动 Mihomo: ./mihomo
[22:03:05] Mihomo 启动成功: v1.19.27 (尝试1次)
[22:03:05] Phase 4: URL test
[22:03:10]   进度 25/454, 存活 1
[22:03:20]   进度 50/454, 存活 1
[22:03:30]   进度 75/454, 存活 1
[22:03:40]   进度 100/454, 存活 1
[22:03:50]   进度 125/454, 存活 1
[22:04:00]   进度 150/454, 存活 1
[22:04:10]   进度 175/454, 存活 1
[22:04:20]   进度 200/454, 存活 2
[22:04:30]   进度 225/454, 存活 4
[22:04:40]   进度 250/454, 存活 15
[22:04:50]   进度 275/454, 存活 25
[22:05:00]   进度 300/454, 存活 36
[22:05:10]   进度 325/454, 存活 39
[22:05:20]   进度 350/454, 存活 40
[22:05:30]   进度 375/454, 存活 44
[22:05:40]   进度 400/454, 存活 50
[22:05:50]   进度 425/454, 存活 55
[22:06:00]   进度 450/454, 存活 57
[22:06:10]   进度 454/454, 存活 57
[22:06:10] 本轮存活: 57/454
[22:06:10] Phase 5: 保存结果到缓存
[22:06:10] 第1轮结果已保存: /home/user/Doubao/chats/38430911169328386/free-nodes-collector/.cache/round_1.json (454个节点, 57个存活)
[22:06:11] Mihomo 已停止
[22:06:11] 第 1 轮测试完成
