[22:06:33] ============================================================
[22:06:33] 第 2 轮测试开始
[22:06:33] ============================================================
[22:06:33] Phase 1: 加载第1轮保存的节点列表（跳过采集）
[22:06:33] 节点列表已加载: 454个节点 (生成于 2026-10-01T22:03:03.493603)
[22:06:33] 加载节点: 454个
[22:06:33] 协议分布: {'vmess': 33, 'hysteria': 1, 'hysteria2': 43, 'vless': 160, 'ss': 44, 'trojan': 30, 'anytls': 26, 'http': 113, 'socks5': 4}
[22:06:33] Phase 3: 启动 Mihomo
[22:06:33] Mihomo 已停止
[22:06:33] 启动 Mihomo: ./mihomo
[22:06:35] Mihomo 启动成功: v1.19.27 (尝试1次)
[22:06:35] Phase 4: URL test
[22:06:40]   进度 25/454, 存活 1
[22:06:50]   进度 50/454, 存活 1
[22:07:00]   进度 75/454, 存活 1
[22:07:10]   进度 100/454, 存活 1
[22:07:20]   进度 125/454, 存活 1
[22:07:30]   进度 150/454, 存活 1
[22:07:40]   进度 175/454, 存活 1
[22:07:50]   进度 200/454, 存活 1
[22:08:00]   进度 225/454, 存活 3
[22:08:05]   进度 250/454, 存活 16
